// Jest Snapshot v1, https://goo.gl/fbAQLP

exports[`Interaction should simulate onClick 1`] = `
<View
  style={
    Object {
      "alignItems": "center",
      "flex": 1,
      "justifyContent": "center",
    }
  }
>
  <RCTSafeAreaView
    emulateUnlessSupported={true}
    style={
      Array [
        Object {
          "alignItems": "center",
          "alignSelf": "stretch",
          "backgroundColor": "#FFFFFF",
          "flexBasis": 0,
          "flexDirection": "column",
          "flexGrow": 1,
          "flexShrink": 1,
          "justifyContent": "flex-start",
        },
      ]
    }
  >
    <RCTScrollView
      style={
        Object {
          "alignSelf": "stretch",
        }
      }
    >
      <View>
        <View
          style={
            Array [
              Object {
                "alignItems": "center",
                "flexBasis": 0,
                "flexGrow": 1,
                "flexShrink": 1,
                "paddingBottom": 0,
                "paddingLeft": 48,
                "paddingRight": 48,
                "paddingTop": 0,
                "width": "100%",
              },
            ]
          }
        >
          <Text
            style={
              Array [
                Object {
                  "color": "#000000",
                  "fontSize": 28,
                  "marginBottom": 28,
                  "marginTop": 40,
                },
              ]
            }
          >
            Find Password
          </Text>
          <View
            style={
              Array [
                Object {
                  "alignSelf": "stretch",
                  "flexDirection": "column",
                },
                Object {
                  "marginTop": 20,
                },
              ]
            }
            testID="container-id"
          >
            <View
              style={
                Array [
                  Array [
                    Object {
                      "alignSelf": "stretch",
                      "borderBottomColor": "#00000030",
                      "borderBottomWidth": 0.5,
                      "flexDirection": "column",
                      "justifyContent": "space-between",
                    },
                    undefined,
                  ],
                  false,
                  Object {
                    "borderBottomColor": "#00000030",
                    "borderColor": "#00000030",
                  },
                ]
              }
            >
              <Text
                style={
                  Array [
                    Array [
                      Object {
                        "color": "#999999",
                        "fontSize": 14,
                      },
                      undefined,
                    ],
                    undefined,
                    Object {
                      "color": "#00000030",
                    },
                  ]
                }
              >
                Email
              </Text>
              <TextInput
                allowFontScaling={true}
                autoCapitalize="none"
                editable={true}
                onBlur={[Function]}
                onChangeText={[Function]}
                onFocus={[Function]}
                placeholder="email@email.com"
                placeholderTextColor="#999999"
                rejectResponderTermination={true}
                secureTextEntry={false}
                style={
                  Array [
                    Array [
                      Object {
                        "color": "#000000",
                        "fontSize": 14,
                        "fontWeight": "bold",
                        "paddingVertical": 12,
                      },
                      undefined,
                    ],
                    undefined,
                    false,
                  ]
                }
                underlineColorAndroid="transparent"
                value=""
              />
            </View>
          </View>
          <View
            activeOpacity={0.7}
            delayPressIn={50}
            onPress={[MockFunction]}
            style={
              Object {
                "alignSelf": "stretch",
                "marginTop": 30,
              }
            }
          >
            <View
              onLayout={[Function]}
              style={
                Array [
                  Object {
                    "alignItems": "center",
                    "alignSelf": "stretch",
                    "backgroundColor": "#393D7A",
                    "flexDirection": "row",
                    "justifyContent": "center",
                    "paddingBottom": 8,
                    "paddingLeft": 12,
                    "paddingRight": 12,
                    "paddingTop": 8,
                  },
                  Object {
                    "alignSelf": "stretch",
                    "borderRadius": 30,
                  },
                  false,
                  undefined,
                ]
              }
              testID="button-view"
            >
              <Text
                style={
                  Array [
                    Object {
                      "color": "white",
                      "fontSize": 14,
                    },
                    Object {
                      "paddingHorizontal": 20,
                      "paddingVertical": 8,
                    },
                    undefined,
                  ]
                }
              >
                Send
              </Text>
            </View>
          </View>
          <View
            activeOpacity={0.7}
            delayPressIn={50}
            onPress={[MockFunction]}
            style={
              Object {
                "alignSelf": "stretch",
                "marginTop": 16,
              }
            }
          >
            <View
              onLayout={[Function]}
              style={
                Array [
                  Object {
                    "alignItems": "center",
                    "alignSelf": "stretch",
                    "backgroundColor": "#393D7A",
                    "flexDirection": "row",
                    "justifyContent": "center",
                    "paddingBottom": 8,
                    "paddingLeft": 12,
                    "paddingRight": 12,
                    "paddingTop": 8,
                  },
                  Object {
                    "alignSelf": "stretch",
                    "backgroundColor": "#FFFFFF",
                    "borderColor": "#000000",
                    "borderRadius": 30,
                    "borderWidth": 1,
                  },
                  false,
                  undefined,
                ]
              }
              testID="button-view"
            >
              <Text
                style={
                  Array [
                    Object {
                      "color": "white",
                      "fontSize": 14,
                    },
                    Object {
                      "color": "#000000",
                      "paddingHorizontal": 20,
                      "paddingVertical": 8,
                    },
                    undefined,
                  ]
                }
              >
                Go back
              </Text>
            </View>
          </View>
        </View>
      </View>
    </RCTScrollView>
  </RCTSafeAreaView>
</View>
`;

exports[`Rendering renders without crashing 1`] = `
<View
  style={
    Object {
      "alignItems": "center",
      "flex": 1,
      "justifyContent": "center",
    }
  }
>
  <RCTSafeAreaView
    emulateUnlessSupported={true}
    style={
      Array [
        Object {
          "alignItems": "center",
          "alignSelf": "stretch",
          "backgroundColor": "#FFFFFF",
          "flexBasis": 0,
          "flexDirection": "column",
          "flexGrow": 1,
          "flexShrink": 1,
          "justifyContent": "flex-start",
        },
      ]
    }
  >
    <RCTScrollView
      style={
        Object {
          "alignSelf": "stretch",
        }
      }
    >
      <View>
        <View
          style={
            Array [
              Object {
                "alignItems": "center",
                "flexBasis": 0,
                "flexGrow": 1,
                "flexShrink": 1,
                "paddingBottom": 0,
                "paddingLeft": 48,
                "paddingRight": 48,
                "paddingTop": 0,
                "width": "100%",
              },
            ]
          }
        >
          <Text
            style={
              Array [
                Object {
                  "color": "#000000",
                  "fontSize": 28,
                  "marginBottom": 28,
                  "marginTop": 40,
                },
              ]
            }
          >
            Find Password
          </Text>
          <View
            style={
              Array [
                Object {
                  "alignSelf": "stretch",
                  "flexDirection": "column",
                },
                Object {
                  "marginTop": 20,
                },
              ]
            }
            testID="container-id"
          >
            <View
              style={
                Array [
                  Array [
                    Object {
                      "alignSelf": "stretch",
                      "borderBottomColor": "#00000030",
                      "borderBottomWidth": 0.5,
                      "flexDirection": "column",
                      "justifyContent": "space-between",
                    },
                    undefined,
                  ],
                  false,
                  Object {
                    "borderBottomColor": "#00000030",
                    "borderColor": "#00000030",
                  },
                ]
              }
            >
              <Text
                style={
                  Array [
                    Array [
                      Object {
                        "color": "#999999",
                        "fontSize": 14,
                      },
                      undefined,
                    ],
                    undefined,
                    Object {
                      "color": "#00000030",
                    },
                  ]
                }
              >
                Email
              </Text>
              <TextInput
                allowFontScaling={true}
                autoCapitalize="none"
                editable={true}
                onBlur={[Function]}
                onChangeText={[Function]}
                onFocus={[Function]}
                placeholder="email@email.com"
                placeholderTextColor="#999999"
                rejectResponderTermination={true}
                secureTextEntry={false}
                style={
                  Array [
                    Array [
                      Object {
                        "color": "#000000",
                        "fontSize": 14,
                        "fontWeight": "bold",
                        "paddingVertical": 12,
                      },
                      undefined,
                    ],
                    undefined,
                    false,
                  ]
                }
                underlineColorAndroid="transparent"
                value=""
              />
            </View>
          </View>
          <View
            activeOpacity={0.7}
            delayPressIn={50}
            onPress={[MockFunction]}
            style={
              Object {
                "alignSelf": "stretch",
                "marginTop": 30,
              }
            }
          >
            <View
              onLayout={[Function]}
              style={
                Array [
                  Object {
                    "alignItems": "center",
                    "alignSelf": "stretch",
                    "backgroundColor": "#393D7A",
                    "flexDirection": "row",
                    "justifyContent": "center",
                    "paddingBottom": 8,
                    "paddingLeft": 12,
                    "paddingRight": 12,
                    "paddingTop": 8,
                  },
                  Object {
                    "alignSelf": "stretch",
                    "borderRadius": 30,
                  },
                  false,
                  undefined,
                ]
              }
              testID="button-view"
            >
              <Text
                style={
                  Array [
                    Object {
                      "color": "white",
                      "fontSize": 14,
                    },
                    Object {
                      "paddingHorizontal": 20,
                      "paddingVertical": 8,
                    },
                    undefined,
                  ]
                }
              >
                Send
              </Text>
            </View>
          </View>
          <View
            activeOpacity={0.7}
            delayPressIn={50}
            onPress={[MockFunction]}
            style={
              Object {
                "alignSelf": "stretch",
                "marginTop": 16,
              }
            }
          >
            <View
              onLayout={[Function]}
              style={
                Array [
                  Object {
                    "alignItems": "center",
                    "alignSelf": "stretch",
                    "backgroundColor": "#393D7A",
                    "flexDirection": "row",
                    "justifyContent": "center",
                    "paddingBottom": 8,
                    "paddingLeft": 12,
                    "paddingRight": 12,
                    "paddingTop": 8,
                  },
                  Object {
                    "alignSelf": "stretch",
                    "backgroundColor": "#FFFFFF",
                    "borderColor": "#000000",
                    "borderRadius": 30,
                    "borderWidth": 1,
                  },
                  false,
                  undefined,
                ]
              }
              testID="button-view"
            >
              <Text
                style={
                  Array [
                    Object {
                      "color": "white",
                      "fontSize": 14,
                    },
                    Object {
                      "color": "#000000",
                      "paddingHorizontal": 20,
                      "paddingVertical": 8,
                    },
                    undefined,
                  ]
                }
              >
                Go back
              </Text>
            </View>
          </View>
        </View>
      </View>
    </RCTScrollView>
  </RCTSafeAreaView>
</View>
`;
