// Jest Snapshot v1, https://goo.gl/fbAQLP

exports[`Interaction should simulate onClick 1`] = `
<View
  style={
    Object {
      "alignItems": "center",
      "flex": 1,
      "justifyContent": "center",
    }
  }
>
  <RCTSafeAreaView
    emulateUnlessSupported={true}
    style={
      Array [
        Object {
          "alignItems": "center",
          "alignSelf": "stretch",
          "backgroundColor": "#FFFFFF",
          "flexBasis": 0,
          "flexDirection": "column",
          "flexGrow": 1,
          "flexShrink": 1,
          "justifyContent": "flex-start",
        },
      ]
    }
  >
    <View
      style={
        Array [
          Object {
            "alignItems": "center",
            "backgroundColor": "#FFFFFF",
            "flexDirection": "column",
            "flexWrap": "wrap",
            "justifyContent": "center",
            "paddingBottom": 0,
            "paddingLeft": 24,
            "paddingRight": 24,
            "paddingTop": 0,
            "width": "100%",
          },
        ]
      }
    >
      <View
        onMouseEnter={[Function]}
        onMouseLeave={[Function]}
        onPress={[MockFunction]}
        onPressIn={[Function]}
        onPressOut={[Function]}
        onResponderGrant={[Function]}
        onResponderRelease={[Function]}
        style={
          Array [
            Object {
              "alignItems": "center",
              "justifyContent": "center",
            },
          ]
        }
      >
        <Image
          source={
            Object {
              "canInstrument": true,
              "createTransformer": [Function],
              "getCacheKey": [Function],
              "process": [Function],
            }
          }
          style={
            Array [
              Object {
                "alignSelf": "center",
                "height": 52,
                "marginBottom": 12,
                "marginLeft": 0,
                "marginRight": 0,
                "marginTop": 12,
                "width": 124,
              },
              false,
            ]
          }
        />
      </View>
      <View
        style={
          Array [
            Object {
              "alignItems": "center",
              "flexDirection": "row",
              "marginBottom": 14,
            },
          ]
        }
      />
      <View
        style={
          Array [
            Object {
              "position": "absolute",
              "right": 20,
              "top": 25,
            },
          ]
        }
      >
        <View
          style={
            Object {
              "alignItems": "center",
              "flexDirection": "row",
            }
          }
        >
          <View
            activeOpacity={0.8}
            onPress={[MockFunction]}
            style={
              Array [
                Object {
                  "backgroundColor": "#ecf0f1",
                  "borderRadius": 20,
                  "justifyContent": "center",
                  "padding": 12,
                  "width": 46,
                },
                Object {},
              ]
            }
          >
            <View
              style={
                Object {
                  "alignItems": "center",
                  "backgroundColor": "white",
                  "borderRadius": 9,
                  "elevation": 1.5,
                  "height": 18,
                  "justifyContent": "center",
                  "left": 0,
                  "margin": 4,
                  "position": "absolute",
                  "shadowColor": "#000",
                  "shadowOffset": Object {
                    "height": 2,
                    "width": 0,
                  },
                  "shadowOpacity": 0.2,
                  "shadowRadius": 2.5,
                  "transform": Array [
                    Object {
                      "translateX": 0,
                    },
                  ],
                  "width": 18,
                }
              }
            />
          </View>
        </View>
      </View>
    </View>
    <RCTScrollView
      style={
        Object {
          "alignSelf": "stretch",
        }
      }
    >
      <View>
        <View
          style={
            Array [
              Object {
                "alignItems": "center",
                "flexBasis": 0,
                "flexGrow": 1,
                "flexShrink": 1,
                "paddingBottom": 0,
                "paddingLeft": 48,
                "paddingRight": 48,
                "paddingTop": 0,
                "width": "100%",
              },
            ]
          }
        >
          <Text
            style={
              Array [
                Object {
                  "color": "#000000",
                  "fontSize": 28,
                  "marginBottom": 28,
                  "marginTop": 40,
                },
              ]
            }
          >
            Sign In
          </Text>
          <View
            style={
              Array [
                false,
                Object {
                  "alignSelf": "stretch",
                  "flexDirection": "column",
                },
                Object {
                  "marginTop": 20,
                },
              ]
            }
            testID="container-id"
          >
            <View
              style={
                Array [
                  Array [
                    Object {
                      "alignSelf": "stretch",
                      "borderBottomColor": "#00000030",
                      "borderBottomWidth": 0.3,
                      "flexDirection": "column",
                      "justifyContent": "space-between",
                    },
                    undefined,
                  ],
                  Object {
                    "borderBottomColor": "#00000030",
                    "borderColor": "#00000030",
                  },
                ]
              }
            >
              <Text
                style={
                  Array [
                    Array [
                      Object {
                        "color": "#00000030",
                        "fontSize": 14,
                      },
                      undefined,
                    ],
                    undefined,
                    Object {
                      "color": "#00000030",
                    },
                  ]
                }
              >
                Email
              </Text>
              <TextInput
                allowFontScaling={true}
                autoCapitalize="none"
                editable={true}
                onBlur={[Function]}
                onChangeText={[Function]}
                onFocus={[Function]}
                placeholder="email@email.com"
                rejectResponderTermination={true}
                secureTextEntry={false}
                style={
                  Array [
                    Array [
                      Object {
                        "color": "#000000",
                        "fontSize": 14,
                        "fontWeight": "bold",
                        "paddingVertical": 12,
                      },
                      undefined,
                    ],
                    undefined,
                    false,
                  ]
                }
                underlineColorAndroid="transparent"
                value=""
              />
            </View>
          </View>
          <View
            style={
              Array [
                false,
                Object {
                  "alignSelf": "stretch",
                  "flexDirection": "column",
                },
                Object {
                  "marginTop": 20,
                },
              ]
            }
            testID="container-id"
          >
            <View
              style={
                Array [
                  Array [
                    Object {
                      "alignSelf": "stretch",
                      "borderBottomColor": "#00000030",
                      "borderBottomWidth": 0.3,
                      "flexDirection": "column",
                      "justifyContent": "space-between",
                    },
                    undefined,
                  ],
                  Object {
                    "borderBottomColor": "#00000030",
                    "borderColor": "#00000030",
                  },
                ]
              }
            >
              <Text
                style={
                  Array [
                    Array [
                      Object {
                        "color": "#00000030",
                        "fontSize": 14,
                      },
                      undefined,
                    ],
                    undefined,
                    Object {
                      "color": "#00000030",
                    },
                  ]
                }
              >
                Password
              </Text>
              <TextInput
                allowFontScaling={true}
                autoCapitalize="none"
                editable={true}
                onBlur={[Function]}
                onChangeText={[Function]}
                onFocus={[Function]}
                placeholder="********"
                rejectResponderTermination={true}
                secureTextEntry={false}
                style={
                  Array [
                    Array [
                      Object {
                        "color": "#000000",
                        "fontSize": 14,
                        "fontWeight": "bold",
                        "paddingVertical": 12,
                      },
                      undefined,
                    ],
                    undefined,
                    false,
                  ]
                }
                underlineColorAndroid="transparent"
                value=""
              />
            </View>
          </View>
          <View
            activeOpacity={0.7}
            delayPressIn={50}
            onPress={[MockFunction]}
            style={
              Object {
                "alignSelf": "stretch",
                "marginTop": 30,
              }
            }
          >
            <View
              onLayout={[Function]}
              style={
                Array [
                  Object {
                    "alignItems": "center",
                    "alignSelf": "stretch",
                    "backgroundColor": "#393D7A",
                    "flexDirection": "row",
                    "justifyContent": "center",
                    "paddingBottom": 8,
                    "paddingLeft": 12,
                    "paddingRight": 12,
                    "paddingTop": 8,
                  },
                  Object {
                    "alignSelf": "stretch",
                    "borderRadius": 30,
                  },
                  false,
                  undefined,
                ]
              }
              testID="button-view"
            >
              <Text
                style={
                  Array [
                    Object {
                      "color": "white",
                      "fontSize": 14,
                    },
                    Object {
                      "paddingHorizontal": 20,
                      "paddingVertical": 8,
                    },
                    undefined,
                  ]
                }
              >
                Sign In
              </Text>
            </View>
          </View>
          <View
            activeOpacity={0.7}
            delayPressIn={50}
            onPress={[MockFunction]}
            style={
              Object {
                "alignSelf": "stretch",
                "marginTop": 16,
              }
            }
          >
            <View
              onLayout={[Function]}
              style={
                Array [
                  Object {
                    "alignItems": "center",
                    "alignSelf": "stretch",
                    "backgroundColor": "#393D7A",
                    "flexDirection": "row",
                    "justifyContent": "center",
                    "paddingBottom": 8,
                    "paddingLeft": 12,
                    "paddingRight": 12,
                    "paddingTop": 8,
                  },
                  Object {
                    "alignSelf": "stretch",
                    "backgroundColor": "#FFFFFF",
                    "borderColor": "#000000",
                    "borderRadius": 30,
                    "borderWidth": 1,
                  },
                  false,
                  undefined,
                ]
              }
              testID="button-view"
            >
              <Text
                style={
                  Array [
                    Object {
                      "color": "white",
                      "fontSize": 14,
                    },
                    Object {
                      "color": "#000000",
                      "paddingHorizontal": 20,
                      "paddingVertical": 8,
                    },
                    undefined,
                  ]
                }
              >
                Sign Up
              </Text>
            </View>
          </View>
          <View
            onPress={[MockFunction]}
            style={
              Object {
                "marginTop": 12,
              }
            }
          >
            <Text
              style={
                Object {
                  "color": "#393D7A",
                  "textDecorationLine": "underline",
                }
              }
            >
              Forgot password
              ?
            </Text>
          </View>
          <View
            style={
              Array [
                Object {
                  "flexDirection": "row",
                  "flexWrap": "wrap",
                  "justifyContent": "center",
                  "marginTop": 40,
                  "paddingBottom": 40,
                  "paddingLeft": 0,
                  "paddingRight": 0,
                  "paddingTop": 0,
                },
              ]
            }
          >
            <Text
              style={
                Array [
                  Object {
                    "color": "#777",
                    "lineHeight": 22,
                  },
                ]
              }
            >
              We consider that you agree with
            </Text>
            <Text
              onPress={[Function]}
              style={
                Array [
                  Object {
                    "color": "#393D7A",
                    "lineHeight": 22,
                    "textDecorationLine": "underline",
                  },
                ]
              }
              testID="btn-terms"
            >
              Terms of Agreement
            </Text>
            <Text
              style={
                Array [
                  Object {
                    "color": "#777",
                    "lineHeight": 22,
                  },
                ]
              }
            >
               
              and
               
            </Text>
            <Text
              onPress={[Function]}
              style={
                Array [
                  Object {
                    "color": "#393D7A",
                    "lineHeight": 22,
                    "textDecorationLine": "underline",
                  },
                ]
              }
              testID="btn-privacy"
            >
              Privary Policy
            </Text>
            <Text
              style={
                Array [
                  Object {
                    "color": "#777",
                    "lineHeight": 22,
                  },
                ]
              }
            >
               
              by going onto next step
            </Text>
          </View>
        </View>
      </View>
    </RCTScrollView>
  </RCTSafeAreaView>
</View>
`;

exports[`Rendering renders without crashing 1`] = `
<View
  style={
    Object {
      "alignItems": "center",
      "flex": 1,
      "justifyContent": "center",
    }
  }
>
  <RCTSafeAreaView
    emulateUnlessSupported={true}
    style={
      Array [
        Object {
          "alignItems": "center",
          "alignSelf": "stretch",
          "backgroundColor": "#FFFFFF",
          "flexBasis": 0,
          "flexDirection": "column",
          "flexGrow": 1,
          "flexShrink": 1,
          "justifyContent": "flex-start",
        },
      ]
    }
  >
    <View
      style={
        Array [
          Object {
            "alignItems": "center",
            "backgroundColor": "#FFFFFF",
            "flexDirection": "column",
            "flexWrap": "wrap",
            "justifyContent": "center",
            "paddingBottom": 0,
            "paddingLeft": 24,
            "paddingRight": 24,
            "paddingTop": 0,
            "width": "100%",
          },
        ]
      }
    >
      <View
        onMouseEnter={[Function]}
        onMouseLeave={[Function]}
        onPress={[MockFunction]}
        onPressIn={[Function]}
        onPressOut={[Function]}
        onResponderGrant={[Function]}
        onResponderRelease={[Function]}
        style={
          Array [
            Object {
              "alignItems": "center",
              "justifyContent": "center",
            },
          ]
        }
      >
        <Image
          source={
            Object {
              "canInstrument": true,
              "createTransformer": [Function],
              "getCacheKey": [Function],
              "process": [Function],
            }
          }
          style={
            Array [
              Object {
                "alignSelf": "center",
                "height": 52,
                "marginBottom": 12,
                "marginLeft": 0,
                "marginRight": 0,
                "marginTop": 12,
                "width": 124,
              },
              false,
            ]
          }
        />
      </View>
      <View
        style={
          Array [
            Object {
              "alignItems": "center",
              "flexDirection": "row",
              "marginBottom": 14,
            },
          ]
        }
      />
      <View
        style={
          Array [
            Object {
              "position": "absolute",
              "right": 20,
              "top": 25,
            },
          ]
        }
      >
        <View
          style={
            Object {
              "alignItems": "center",
              "flexDirection": "row",
            }
          }
        >
          <View
            activeOpacity={0.8}
            onPress={[MockFunction]}
            style={
              Array [
                Object {
                  "backgroundColor": "#ecf0f1",
                  "borderRadius": 20,
                  "justifyContent": "center",
                  "padding": 12,
                  "width": 46,
                },
                Object {},
              ]
            }
          >
            <View
              style={
                Object {
                  "alignItems": "center",
                  "backgroundColor": "white",
                  "borderRadius": 9,
                  "elevation": 1.5,
                  "height": 18,
                  "justifyContent": "center",
                  "left": 0,
                  "margin": 4,
                  "position": "absolute",
                  "shadowColor": "#000",
                  "shadowOffset": Object {
                    "height": 2,
                    "width": 0,
                  },
                  "shadowOpacity": 0.2,
                  "shadowRadius": 2.5,
                  "transform": Array [
                    Object {
                      "translateX": 0,
                    },
                  ],
                  "width": 18,
                }
              }
            />
          </View>
        </View>
      </View>
    </View>
    <RCTScrollView
      style={
        Object {
          "alignSelf": "stretch",
        }
      }
    >
      <View>
        <View
          style={
            Array [
              Object {
                "alignItems": "center",
                "flexBasis": 0,
                "flexGrow": 1,
                "flexShrink": 1,
                "paddingBottom": 0,
                "paddingLeft": 48,
                "paddingRight": 48,
                "paddingTop": 0,
                "width": "100%",
              },
            ]
          }
        >
          <Text
            style={
              Array [
                Object {
                  "color": "#000000",
                  "fontSize": 28,
                  "marginBottom": 28,
                  "marginTop": 40,
                },
              ]
            }
          >
            Sign In
          </Text>
          <View
            style={
              Array [
                false,
                Object {
                  "alignSelf": "stretch",
                  "flexDirection": "column",
                },
                Object {
                  "marginTop": 20,
                },
              ]
            }
            testID="container-id"
          >
            <View
              style={
                Array [
                  Array [
                    Object {
                      "alignSelf": "stretch",
                      "borderBottomColor": "#00000030",
                      "borderBottomWidth": 0.3,
                      "flexDirection": "column",
                      "justifyContent": "space-between",
                    },
                    undefined,
                  ],
                  Object {
                    "borderBottomColor": "#00000030",
                    "borderColor": "#00000030",
                  },
                ]
              }
            >
              <Text
                style={
                  Array [
                    Array [
                      Object {
                        "color": "#00000030",
                        "fontSize": 14,
                      },
                      undefined,
                    ],
                    undefined,
                    Object {
                      "color": "#00000030",
                    },
                  ]
                }
              >
                Email
              </Text>
              <TextInput
                allowFontScaling={true}
                autoCapitalize="none"
                editable={true}
                onBlur={[Function]}
                onChangeText={[Function]}
                onFocus={[Function]}
                placeholder="email@email.com"
                rejectResponderTermination={true}
                secureTextEntry={false}
                style={
                  Array [
                    Array [
                      Object {
                        "color": "#000000",
                        "fontSize": 14,
                        "fontWeight": "bold",
                        "paddingVertical": 12,
                      },
                      undefined,
                    ],
                    undefined,
                    false,
                  ]
                }
                underlineColorAndroid="transparent"
                value=""
              />
            </View>
          </View>
          <View
            style={
              Array [
                false,
                Object {
                  "alignSelf": "stretch",
                  "flexDirection": "column",
                },
                Object {
                  "marginTop": 20,
                },
              ]
            }
            testID="container-id"
          >
            <View
              style={
                Array [
                  Array [
                    Object {
                      "alignSelf": "stretch",
                      "borderBottomColor": "#00000030",
                      "borderBottomWidth": 0.3,
                      "flexDirection": "column",
                      "justifyContent": "space-between",
                    },
                    undefined,
                  ],
                  Object {
                    "borderBottomColor": "#00000030",
                    "borderColor": "#00000030",
                  },
                ]
              }
            >
              <Text
                style={
                  Array [
                    Array [
                      Object {
                        "color": "#00000030",
                        "fontSize": 14,
                      },
                      undefined,
                    ],
                    undefined,
                    Object {
                      "color": "#00000030",
                    },
                  ]
                }
              >
                Password
              </Text>
              <TextInput
                allowFontScaling={true}
                autoCapitalize="none"
                editable={true}
                onBlur={[Function]}
                onChangeText={[Function]}
                onFocus={[Function]}
                placeholder="********"
                rejectResponderTermination={true}
                secureTextEntry={false}
                style={
                  Array [
                    Array [
                      Object {
                        "color": "#000000",
                        "fontSize": 14,
                        "fontWeight": "bold",
                        "paddingVertical": 12,
                      },
                      undefined,
                    ],
                    undefined,
                    false,
                  ]
                }
                underlineColorAndroid="transparent"
                value=""
              />
            </View>
          </View>
          <View
            activeOpacity={0.7}
            delayPressIn={50}
            onPress={[MockFunction]}
            style={
              Object {
                "alignSelf": "stretch",
                "marginTop": 30,
              }
            }
          >
            <View
              onLayout={[Function]}
              style={
                Array [
                  Object {
                    "alignItems": "center",
                    "alignSelf": "stretch",
                    "backgroundColor": "#393D7A",
                    "flexDirection": "row",
                    "justifyContent": "center",
                    "paddingBottom": 8,
                    "paddingLeft": 12,
                    "paddingRight": 12,
                    "paddingTop": 8,
                  },
                  Object {
                    "alignSelf": "stretch",
                    "borderRadius": 30,
                  },
                  false,
                  undefined,
                ]
              }
              testID="button-view"
            >
              <Text
                style={
                  Array [
                    Object {
                      "color": "white",
                      "fontSize": 14,
                    },
                    Object {
                      "paddingHorizontal": 20,
                      "paddingVertical": 8,
                    },
                    undefined,
                  ]
                }
              >
                Sign In
              </Text>
            </View>
          </View>
          <View
            activeOpacity={0.7}
            delayPressIn={50}
            onPress={[MockFunction]}
            style={
              Object {
                "alignSelf": "stretch",
                "marginTop": 16,
              }
            }
          >
            <View
              onLayout={[Function]}
              style={
                Array [
                  Object {
                    "alignItems": "center",
                    "alignSelf": "stretch",
                    "backgroundColor": "#393D7A",
                    "flexDirection": "row",
                    "justifyContent": "center",
                    "paddingBottom": 8,
                    "paddingLeft": 12,
                    "paddingRight": 12,
                    "paddingTop": 8,
                  },
                  Object {
                    "alignSelf": "stretch",
                    "backgroundColor": "#FFFFFF",
                    "borderColor": "#000000",
                    "borderRadius": 30,
                    "borderWidth": 1,
                  },
                  false,
                  undefined,
                ]
              }
              testID="button-view"
            >
              <Text
                style={
                  Array [
                    Object {
                      "color": "white",
                      "fontSize": 14,
                    },
                    Object {
                      "color": "#000000",
                      "paddingHorizontal": 20,
                      "paddingVertical": 8,
                    },
                    undefined,
                  ]
                }
              >
                Sign Up
              </Text>
            </View>
          </View>
          <View
            onPress={[MockFunction]}
            style={
              Object {
                "marginTop": 12,
              }
            }
          >
            <Text
              style={
                Object {
                  "color": "#393D7A",
                  "textDecorationLine": "underline",
                }
              }
            >
              Forgot password
              ?
            </Text>
          </View>
          <View
            style={
              Array [
                Object {
                  "flexDirection": "row",
                  "flexWrap": "wrap",
                  "justifyContent": "center",
                  "marginTop": 40,
                  "paddingBottom": 40,
                  "paddingLeft": 0,
                  "paddingRight": 0,
                  "paddingTop": 0,
                },
              ]
            }
          >
            <Text
              style={
                Array [
                  Object {
                    "color": "#777",
                    "lineHeight": 22,
                  },
                ]
              }
            >
              We consider that you agree with
            </Text>
            <Text
              onPress={[Function]}
              style={
                Array [
                  Object {
                    "color": "#393D7A",
                    "lineHeight": 22,
                    "textDecorationLine": "underline",
                  },
                ]
              }
              testID="btn-terms"
            >
              Terms of Agreement
            </Text>
            <Text
              style={
                Array [
                  Object {
                    "color": "#777",
                    "lineHeight": 22,
                  },
                ]
              }
            >
               
              and
               
            </Text>
            <Text
              onPress={[Function]}
              style={
                Array [
                  Object {
                    "color": "#393D7A",
                    "lineHeight": 22,
                    "textDecorationLine": "underline",
                  },
                ]
              }
              testID="btn-privacy"
            >
              Privary Policy
            </Text>
            <Text
              style={
                Array [
                  Object {
                    "color": "#777",
                    "lineHeight": 22,
                  },
                ]
              }
            >
               
              by going onto next step
            </Text>
          </View>
        </View>
      </View>
    </RCTScrollView>
  </RCTSafeAreaView>
</View>
`;
