// Jest Snapshot v1, https://goo.gl/fbAQLP

exports[`Interaction should simulate onClick 1`] = `
<View
  style={
    Object {
      "alignItems": "center",
      "flex": 1,
      "justifyContent": "center",
    }
  }
>
  <RCTSafeAreaView
    emulateUnlessSupported={true}
    style={
      Array [
        Object {
          "alignItems": "flex-start",
          "alignSelf": "stretch",
          "backgroundColor": "#FFFFFF",
          "flexBasis": 0,
          "flexDirection": "column",
          "flexGrow": 1,
          "flexShrink": 1,
          "justifyContent": "flex-start",
        },
        undefined,
      ]
    }
  >
    <RCTScrollView>
      <View>
        <Text
          style={
            Array [
              Object {
                "color": "#000000",
              },
              Object {
                "color": "#393D7A",
                "fontSize": 14,
                "fontWeight": "bold",
                "lineHeight": 18,
                "marginBottom": 8,
                "marginLeft": 12,
                "marginTop": 48,
                "paddingHorizontal": 32,
                "textAlign": "center",
              },
            ]
          }
        >
          Your sponsoring will be noted in our homepage and app when transaction is completed üéâ. Your interests will make our community much valuable üôè.
        </Text>
        <View
          style={
            Object {
              "alignSelf": "stretch",
              "backgroundColor": "#FFFFFF",
              "marginHorizontal": 16,
              "paddingBottom": 40,
              "paddingTop": 20,
            }
          }
        >
          <View
            style={
              Array [
                Object {
                  "flexDirection": "column",
                  "marginBottom": 40,
                },
                undefined,
              ]
            }
          >
            <Text
              style={
                Array [
                  Object {
                    "color": "#000000",
                  },
                  Object {
                    "fontSize": 28,
                    "fontWeight": "bold",
                    "marginBottom": 8,
                    "marginLeft": 12,
                    "marginTop": 32,
                    "textAlign": "center",
                  },
                ]
              }
            >
              One-time sponsoring
            </Text>
            <RCTScrollView
              contentContainerStyle={
                Object {
                  "backgroundColor": "#EAEBF4",
                  "paddingHorizontal": 40,
                  "paddingVertical": 28,
                }
              }
              horizontal={true}
              style={
                Object {
                  "backgroundColor": "#EAEBF4",
                  "borderRadius": 8,
                }
              }
            >
              <View />
            </RCTScrollView>
            <Text
              style={
                Array [
                  Object {
                    "color": "#000000",
                  },
                  Object {
                    "color": "#FF7676",
                    "fontSize": 12,
                    "marginBottom": 8,
                    "marginLeft": 12,
                    "marginTop": 16,
                    "paddingHorizontal": 20,
                    "textAlign": "center",
                  },
                ]
              }
            >
              Note that once purchased, it will not be refunded. Please watch out before you continue transactions.
            </Text>
          </View>
          <View
            style={
              Array [
                Object {
                  "flexDirection": "column",
                  "marginBottom": 40,
                },
                undefined,
              ]
            }
          >
            <Text
              style={
                Array [
                  Object {
                    "color": "#000000",
                  },
                  Object {
                    "fontSize": 28,
                    "fontWeight": "bold",
                    "marginBottom": 8,
                    "marginLeft": 12,
                    "marginTop": 32,
                    "textAlign": "center",
                  },
                ]
              }
            >
              Monthly donation
            </Text>
            <RCTScrollView
              contentContainerStyle={
                Object {
                  "backgroundColor": "#EAEBF4",
                  "paddingHorizontal": 40,
                  "paddingVertical": 28,
                }
              }
              horizontal={true}
              style={
                Object {
                  "backgroundColor": "#EAEBF4",
                  "borderRadius": 8,
                }
              }
            >
              <View />
            </RCTScrollView>
            <Text
              style={
                Array [
                  Object {
                    "color": "#000000",
                  },
                  Object {
                    "color": "#FF7676",
                    "fontSize": 12,
                    "marginBottom": 8,
                    "marginLeft": 12,
                    "marginTop": 16,
                    "paddingHorizontal": 20,
                    "textAlign": "center",
                  },
                ]
              }
            >
              Payment will be charged to your iTunes account upon confirmation of purchase. Subscriptions automatically renew on a monthly basis from the date of original purchase. Subscriptions automatically renew unless auto-renew is turned off at least 24-hours before the end of the current period. Any unused portion of a free trial period will be forfeited when a subscription is purchased. To manage auto-renewal or cancel your subscription, please go to the iTunes Account Settings on your device.
              

              <Text
                style={
                  Array [
                    Object {
                      "lineHeight": 22,
                    },
                    undefined,
                  ]
                }
              >
                For more inforamtion refer to our
                 
              </Text>
              <Text
                onPress={[Function]}
                style={
                  Array [
                    Object {
                      "color": "#393D7A",
                      "lineHeight": 22,
                      "textDecorationLine": "underline",
                    },
                    undefined,
                  ]
                }
                testID="btn-terms"
              >
                Terms of Agreement
              </Text>
              <Text
                style={
                  Array [
                    Object {
                      "lineHeight": 22,
                    },
                    undefined,
                  ]
                }
              >
                 
                and
                 
              </Text>
              <Text
                onPress={[Function]}
                style={
                  Array [
                    Object {
                      "color": "#393D7A",
                      "lineHeight": 22,
                      "textDecorationLine": "underline",
                    },
                    undefined,
                  ]
                }
                testID="btn-privacy"
              >
                Privary Policy
                .
              </Text>
            </Text>
          </View>
          <View
            style={
              Array [
                Object {
                  "flexDirection": "column",
                  "marginBottom": 40,
                },
                undefined,
              ]
            }
          >
            <Text
              style={
                Array [
                  Object {
                    "color": "#000000",
                  },
                  Object {
                    "fontSize": 28,
                    "fontWeight": "bold",
                    "marginBottom": 8,
                    "marginLeft": 12,
                    "marginTop": 32,
                    "textAlign": "center",
                  },
                ]
              }
            >
              Forever membership
            </Text>
            <RCTScrollView
              contentContainerStyle={
                Object {
                  "backgroundColor": "#EAEBF4",
                  "paddingHorizontal": 40,
                  "paddingVertical": 28,
                }
              }
              horizontal={true}
              style={
                Object {
                  "backgroundColor": "#EAEBF4",
                  "borderRadius": 8,
                }
              }
            >
              <View />
            </RCTScrollView>
            <Text
              style={
                Array [
                  Object {
                    "color": "#000000",
                  },
                  Object {
                    "color": "#FF7676",
                    "fontSize": 12,
                    "marginBottom": 8,
                    "marginLeft": 12,
                    "marginTop": 16,
                    "paddingHorizontal": 20,
                    "textAlign": "center",
                  },
                ]
              }
            >
              Note that once purchased, it will not be refunded. Please watch out before you continue transactions.
            </Text>
          </View>
        </View>
      </View>
    </RCTScrollView>
  </RCTSafeAreaView>
</View>
`;

exports[`Rendering renders without crashing 1`] = `
<View
  style={
    Object {
      "alignItems": "center",
      "flex": 1,
      "justifyContent": "center",
    }
  }
>
  <RCTSafeAreaView
    emulateUnlessSupported={true}
    style={
      Array [
        Object {
          "alignItems": "flex-start",
          "alignSelf": "stretch",
          "backgroundColor": "#FFFFFF",
          "flexBasis": 0,
          "flexDirection": "column",
          "flexGrow": 1,
          "flexShrink": 1,
          "justifyContent": "flex-start",
        },
        undefined,
      ]
    }
  >
    <RCTScrollView>
      <View>
        <Text
          style={
            Array [
              Object {
                "color": "#000000",
              },
              Object {
                "color": "#393D7A",
                "fontSize": 14,
                "fontWeight": "bold",
                "lineHeight": 18,
                "marginBottom": 8,
                "marginLeft": 12,
                "marginTop": 48,
                "paddingHorizontal": 32,
                "textAlign": "center",
              },
            ]
          }
        >
          Your sponsoring will be noted in our homepage and app when transaction is completed üéâ. Your interests will make our community much valuable üôè.
        </Text>
        <View
          style={
            Object {
              "alignSelf": "stretch",
              "backgroundColor": "#FFFFFF",
              "marginHorizontal": 16,
              "paddingBottom": 40,
              "paddingTop": 20,
            }
          }
        >
          <View
            style={
              Array [
                Object {
                  "flexDirection": "column",
                  "marginBottom": 40,
                },
                undefined,
              ]
            }
          >
            <Text
              style={
                Array [
                  Object {
                    "color": "#000000",
                  },
                  Object {
                    "fontSize": 28,
                    "fontWeight": "bold",
                    "marginBottom": 8,
                    "marginLeft": 12,
                    "marginTop": 32,
                    "textAlign": "center",
                  },
                ]
              }
            >
              One-time sponsoring
            </Text>
            <RCTScrollView
              contentContainerStyle={
                Object {
                  "backgroundColor": "#EAEBF4",
                  "paddingHorizontal": 40,
                  "paddingVertical": 28,
                }
              }
              horizontal={true}
              style={
                Object {
                  "backgroundColor": "#EAEBF4",
                  "borderRadius": 8,
                }
              }
            >
              <View />
            </RCTScrollView>
            <Text
              style={
                Array [
                  Object {
                    "color": "#000000",
                  },
                  Object {
                    "color": "#FF7676",
                    "fontSize": 12,
                    "marginBottom": 8,
                    "marginLeft": 12,
                    "marginTop": 16,
                    "paddingHorizontal": 20,
                    "textAlign": "center",
                  },
                ]
              }
            >
              Note that once purchased, it will not be refunded. Please watch out before you continue transactions.
            </Text>
          </View>
          <View
            style={
              Array [
                Object {
                  "flexDirection": "column",
                  "marginBottom": 40,
                },
                undefined,
              ]
            }
          >
            <Text
              style={
                Array [
                  Object {
                    "color": "#000000",
                  },
                  Object {
                    "fontSize": 28,
                    "fontWeight": "bold",
                    "marginBottom": 8,
                    "marginLeft": 12,
                    "marginTop": 32,
                    "textAlign": "center",
                  },
                ]
              }
            >
              Monthly donation
            </Text>
            <RCTScrollView
              contentContainerStyle={
                Object {
                  "backgroundColor": "#EAEBF4",
                  "paddingHorizontal": 40,
                  "paddingVertical": 28,
                }
              }
              horizontal={true}
              style={
                Object {
                  "backgroundColor": "#EAEBF4",
                  "borderRadius": 8,
                }
              }
            >
              <View />
            </RCTScrollView>
            <Text
              style={
                Array [
                  Object {
                    "color": "#000000",
                  },
                  Object {
                    "color": "#FF7676",
                    "fontSize": 12,
                    "marginBottom": 8,
                    "marginLeft": 12,
                    "marginTop": 16,
                    "paddingHorizontal": 20,
                    "textAlign": "center",
                  },
                ]
              }
            >
              Payment will be charged to your iTunes account upon confirmation of purchase. Subscriptions automatically renew on a monthly basis from the date of original purchase. Subscriptions automatically renew unless auto-renew is turned off at least 24-hours before the end of the current period. Any unused portion of a free trial period will be forfeited when a subscription is purchased. To manage auto-renewal or cancel your subscription, please go to the iTunes Account Settings on your device.
              

              <Text
                style={
                  Array [
                    Object {
                      "lineHeight": 22,
                    },
                    undefined,
                  ]
                }
              >
                For more inforamtion refer to our
                 
              </Text>
              <Text
                onPress={[Function]}
                style={
                  Array [
                    Object {
                      "color": "#393D7A",
                      "lineHeight": 22,
                      "textDecorationLine": "underline",
                    },
                    undefined,
                  ]
                }
                testID="btn-terms"
              >
                Terms of Agreement
              </Text>
              <Text
                style={
                  Array [
                    Object {
                      "lineHeight": 22,
                    },
                    undefined,
                  ]
                }
              >
                 
                and
                 
              </Text>
              <Text
                onPress={[Function]}
                style={
                  Array [
                    Object {
                      "color": "#393D7A",
                      "lineHeight": 22,
                      "textDecorationLine": "underline",
                    },
                    undefined,
                  ]
                }
                testID="btn-privacy"
              >
                Privary Policy
                .
              </Text>
            </Text>
          </View>
          <View
            style={
              Array [
                Object {
                  "flexDirection": "column",
                  "marginBottom": 40,
                },
                undefined,
              ]
            }
          >
            <Text
              style={
                Array [
                  Object {
                    "color": "#000000",
                  },
                  Object {
                    "fontSize": 28,
                    "fontWeight": "bold",
                    "marginBottom": 8,
                    "marginLeft": 12,
                    "marginTop": 32,
                    "textAlign": "center",
                  },
                ]
              }
            >
              Forever membership
            </Text>
            <RCTScrollView
              contentContainerStyle={
                Object {
                  "backgroundColor": "#EAEBF4",
                  "paddingHorizontal": 40,
                  "paddingVertical": 28,
                }
              }
              horizontal={true}
              style={
                Object {
                  "backgroundColor": "#EAEBF4",
                  "borderRadius": 8,
                }
              }
            >
              <View />
            </RCTScrollView>
            <Text
              style={
                Array [
                  Object {
                    "color": "#000000",
                  },
                  Object {
                    "color": "#FF7676",
                    "fontSize": 12,
                    "marginBottom": 8,
                    "marginLeft": 12,
                    "marginTop": 16,
                    "paddingHorizontal": 20,
                    "textAlign": "center",
                  },
                ]
              }
            >
              Note that once purchased, it will not be refunded. Please watch out before you continue transactions.
            </Text>
          </View>
        </View>
      </View>
    </RCTScrollView>
  </RCTSafeAreaView>
</View>
`;
