// Jest Snapshot v1, https://goo.gl/fbAQLP

exports[`Interaction should simulate onClick 1`] = `
<View
  style={
    Object {
      "alignItems": "center",
      "flex": 1,
      "justifyContent": "center",
    }
  }
>
  <RCTSafeAreaView
    emulateUnlessSupported={true}
    style={
      Array [
        Object {
          "alignItems": "center",
          "alignSelf": "stretch",
          "backgroundColor": "#FFFFFF",
          "flexBasis": 0,
          "flexDirection": "column",
          "flexGrow": 1,
          "flexShrink": 1,
          "justifyContent": "flex-start",
        },
      ]
    }
  >
    <View
      style={
        Object {
          "alignSelf": "stretch",
          "marginBottom": 12,
          "marginHorizontal": 12,
          "marginTop": 16,
        }
      }
    >
      <View
        style={
          Array [
            Object {
              "alignSelf": "stretch",
              "flexDirection": "column",
            },
            Object {
              "borderColor": "#B446BF",
              "borderWidth": 1,
            },
          ]
        }
        testID="container-id"
      >
        <View
          style={
            Array [
              Array [
                Object {
                  "alignItems": "center",
                  "alignSelf": "stretch",
                  "borderBottomColor": "#00000030",
                  "borderBottomWidth": 0.5,
                  "flexDirection": "row",
                  "justifyContent": "space-between",
                },
                undefined,
              ],
              false,
              Object {
                "borderBottomColor": "#00000030",
                "borderColor": "#00000030",
              },
            ]
          }
        >
          <TextInput
            allowFontScaling={true}
            autoCapitalize="none"
            editable={true}
            onBlur={[Function]}
            onChangeText={[Function]}
            onFocus={[Function]}
            onSubmitEditing={[Function]}
            placeholder="Add todo..."
            placeholderTextColor="#999999"
            rejectResponderTermination={true}
            secureTextEntry={false}
            style={
              Array [
                Array [
                  Object {
                    "color": "#000000",
                    "flex": 1,
                    "fontSize": 14,
                    "fontWeight": "bold",
                    "paddingHorizontal": 8,
                    "paddingVertical": 12,
                  },
                  Object {
                    "fontSize": 14,
                    "paddingLeft": 12,
                    "paddingRight": 80,
                  },
                ],
                Object {
                  "fontSize": 14,
                  "paddingLeft": 12,
                  "paddingRight": 80,
                },
                false,
              ]
            }
            underlineColorAndroid="transparent"
            value=""
          />
        </View>
      </View>
      <View
        activeOpacity={0.7}
        delayPressIn={50}
        onPress={[MockFunction]}
        style={
          Object {
            "position": "absolute",
            "right": 8,
            "top": 5,
          }
        }
      >
        <View
          onLayout={[Function]}
          style={
            Array [
              Object {
                "alignItems": "center",
                "alignSelf": "stretch",
                "backgroundColor": "#393D7A",
                "flexDirection": "row",
                "justifyContent": "center",
                "paddingBottom": 8,
                "paddingLeft": 12,
                "paddingRight": 12,
                "paddingTop": 8,
              },
              undefined,
              false,
              undefined,
            ]
          }
          testID="button-view"
        >
          <Text
            style={
              Array [
                Object {
                  "color": "white",
                  "fontSize": 14,
                },
                undefined,
                undefined,
              ]
            }
          >
            Add
          </Text>
        </View>
      </View>
    </View>
    <View
      style={
        Object {
          "alignItems": "center",
          "alignSelf": "center",
          "backgroundColor": "transparent",
          "flex": 1,
          "flexDirection": "row",
          "height": "100%",
          "justifyContent": "center",
          "position": "absolute",
          "width": "100%",
        }
      }
    >
      <ActivityIndicator
        animating={true}
        color="#969696"
        hidesWhenStopped={true}
        size="large"
      />
    </View>
  </RCTSafeAreaView>
</View>
`;

exports[`Rendering renders without crashing 1`] = `
<View
  style={
    Object {
      "alignItems": "center",
      "flex": 1,
      "justifyContent": "center",
    }
  }
>
  <RCTSafeAreaView
    emulateUnlessSupported={true}
    style={
      Array [
        Object {
          "alignItems": "center",
          "alignSelf": "stretch",
          "backgroundColor": "#FFFFFF",
          "flexBasis": 0,
          "flexDirection": "column",
          "flexGrow": 1,
          "flexShrink": 1,
          "justifyContent": "flex-start",
        },
      ]
    }
  >
    <View
      style={
        Object {
          "alignSelf": "stretch",
          "marginBottom": 12,
          "marginHorizontal": 12,
          "marginTop": 16,
        }
      }
    >
      <View
        style={
          Array [
            Object {
              "alignSelf": "stretch",
              "flexDirection": "column",
            },
            Object {
              "borderColor": "#B446BF",
              "borderWidth": 1,
            },
          ]
        }
        testID="container-id"
      >
        <View
          style={
            Array [
              Array [
                Object {
                  "alignItems": "center",
                  "alignSelf": "stretch",
                  "borderBottomColor": "#00000030",
                  "borderBottomWidth": 0.5,
                  "flexDirection": "row",
                  "justifyContent": "space-between",
                },
                undefined,
              ],
              false,
              Object {
                "borderBottomColor": "#00000030",
                "borderColor": "#00000030",
              },
            ]
          }
        >
          <TextInput
            allowFontScaling={true}
            autoCapitalize="none"
            editable={true}
            onBlur={[Function]}
            onChangeText={[Function]}
            onFocus={[Function]}
            onSubmitEditing={[Function]}
            placeholder="Add todo..."
            placeholderTextColor="#999999"
            rejectResponderTermination={true}
            secureTextEntry={false}
            style={
              Array [
                Array [
                  Object {
                    "color": "#000000",
                    "flex": 1,
                    "fontSize": 14,
                    "fontWeight": "bold",
                    "paddingHorizontal": 8,
                    "paddingVertical": 12,
                  },
                  Object {
                    "fontSize": 14,
                    "paddingLeft": 12,
                    "paddingRight": 80,
                  },
                ],
                Object {
                  "fontSize": 14,
                  "paddingLeft": 12,
                  "paddingRight": 80,
                },
                false,
              ]
            }
            underlineColorAndroid="transparent"
            value=""
          />
        </View>
      </View>
      <View
        activeOpacity={0.7}
        delayPressIn={50}
        onPress={[MockFunction]}
        style={
          Object {
            "position": "absolute",
            "right": 8,
            "top": 5,
          }
        }
      >
        <View
          onLayout={[Function]}
          style={
            Array [
              Object {
                "alignItems": "center",
                "alignSelf": "stretch",
                "backgroundColor": "#393D7A",
                "flexDirection": "row",
                "justifyContent": "center",
                "paddingBottom": 8,
                "paddingLeft": 12,
                "paddingRight": 12,
                "paddingTop": 8,
              },
              undefined,
              false,
              undefined,
            ]
          }
          testID="button-view"
        >
          <Text
            style={
              Array [
                Object {
                  "color": "white",
                  "fontSize": 14,
                },
                undefined,
                undefined,
              ]
            }
          >
            Add
          </Text>
        </View>
      </View>
    </View>
    <View
      style={
        Object {
          "alignItems": "center",
          "alignSelf": "center",
          "backgroundColor": "transparent",
          "flex": 1,
          "flexDirection": "row",
          "height": "100%",
          "justifyContent": "center",
          "position": "absolute",
          "width": "100%",
        }
      }
    >
      <ActivityIndicator
        animating={true}
        color="#969696"
        hidesWhenStopped={true}
        size="large"
      />
    </View>
  </RCTSafeAreaView>
</View>
`;
