// Jest Snapshot v1, https://goo.gl/fbAQLP

exports[`[Button] [ThemeType.Light] renders without crashing 1`] = `
<View
  activeOpacity={0.5}
  onPress={[Function]}
  testID="btn"
>
  <View
    style={
      Array [
        Object {
          "alignItems": "center",
          "alignSelf": "center",
          "backgroundColor": "#EAEBF4",
          "borderColor": "#EAEBF4",
          "borderRadius": 4,
          "borderWidth": 2,
          "height": 52,
          "justifyContent": "center",
          "width": 320,
        },
      ]
    }
  >
    <Text
      style={
        Array [
          Object {
            "color": "#393D7A",
            "fontSize": 14,
          },
        ]
      }
    />
  </View>
</View>
`;

exports[`[Button] should render [ThemeType.Dark] without crashing 1`] = `
<View
  activeOpacity={0.5}
  onPress={[Function]}
  testID="btn"
>
  <View
    style={
      Array [
        Object {
          "alignItems": "center",
          "alignSelf": "center",
          "backgroundColor": "#EAEBF4",
          "borderColor": "#EAEBF4",
          "borderRadius": 4,
          "borderWidth": 2,
          "height": 52,
          "justifyContent": "center",
          "width": 320,
        },
      ]
    }
  >
    <Text
      style={
        Array [
          Object {
            "color": "#E0E0E0",
            "fontSize": 14,
          },
        ]
      }
    />
  </View>
</View>
`;

exports[`[Button] should render [isDisabled] status without crashing 1`] = `
<View
  style={
    Array [
      Object {
        "alignItems": "center",
        "alignSelf": "center",
        "backgroundColor": "#EAEBF4",
        "borderColor": "rgb(200, 200, 200)",
        "borderRadius": 4,
        "borderWidth": 2,
        "height": 52,
        "justifyContent": "center",
        "width": 320,
      },
    ]
  }
>
  <Text
    style={
      Array [
        Object {
          "color": "#00000030",
          "fontSize": 14,
        },
      ]
    }
  />
</View>
`;

exports[`[Button] should render [isLoading] status without crashing 1`] = `
<View
  style={
    Array [
      Object {
        "alignItems": "center",
        "alignSelf": "center",
        "backgroundColor": "#EAEBF4",
        "borderColor": "#EAEBF4",
        "borderRadius": 4,
        "borderWidth": 2,
        "height": 52,
        "justifyContent": "center",
        "width": 320,
      },
    ]
  }
>
  <ActivityIndicator
    animating={true}
    color="white"
    hidesWhenStopped={true}
    size="small"
  />
</View>
`;
