// Jest Snapshot v1, https://goo.gl/fbAQLP

exports[`Interaction should simulate onClick 1`] = `
<View
  style={
    Array [
      Object {
        "alignItems": "center",
        "alignSelf": "stretch",
        "backgroundColor": "#EAEBF4",
        "flexDirection": "column",
        "justifyContent": "center",
        "minHeight": 160,
      },
      undefined,
    ]
  }
>
  <Text
    style={
      Array [
        Object {
          "color": "#000000",
          "fontFamily": "avenir",
          "fontSize": 24,
          "fontWeight": "800",
          "maxWidth": "60%",
          "textAlign": "center",
        },
        Object {
          "marginTop": 8,
        },
      ]
    }
  >
    Powered by
  </Text>
  <Text
    style={
      Array [
        Object {
          "color": "#000000",
          "fontFamily": "avenir",
          "fontSize": 18,
          "fontWeight": "300",
          "lineHeight": 30,
          "maxWidth": "60%",
          "textAlign": "center",
        },
        Object {
          "alignItems": "center",
          "flexDirection": "row",
          "justifyContent": "center",
          "marginVertical": 12,
          "textAlign": "center",
        },
      ]
    }
  >
    Everyone in
    <View
      activeOpacity={0.7}
      onMouseEnter={[Function]}
      onMouseLeave={[Function]}
      onPress={[MockFunction]}
      onPressIn={[Function]}
      onPressOut={[Function]}
      onResponderGrant={[Function]}
      onResponderRelease={[Function]}
      style={
        Array [
          Object {
            "alignItems": "center",
            "justifyContent": "center",
          },
          Object {
            "marginHorizontal": 10,
          },
        ]
      }
    >
      <Text
        style={
          Array [
            Object {
              "color": "#000000",
              "fontSize": 18,
              "textDecorationLine": "underline",
            },
            Array [
              false,
              Object {
                "color": "#B446BF",
              },
            ],
          ]
        }
      >
        OpenCollectives
      </Text>
    </View>
  </Text>
</View>
`;

exports[`Rendering renders without crashing 1`] = `
<View
  style={
    Array [
      Object {
        "alignItems": "center",
        "alignSelf": "stretch",
        "backgroundColor": "#EAEBF4",
        "flexDirection": "column",
        "justifyContent": "center",
        "minHeight": 160,
      },
      undefined,
    ]
  }
>
  <Text
    style={
      Array [
        Object {
          "color": "#000000",
          "fontFamily": "avenir",
          "fontSize": 24,
          "fontWeight": "800",
          "maxWidth": "60%",
          "textAlign": "center",
        },
        Object {
          "marginTop": 8,
        },
      ]
    }
  >
    Powered by
  </Text>
  <Text
    style={
      Array [
        Object {
          "color": "#000000",
          "fontFamily": "avenir",
          "fontSize": 18,
          "fontWeight": "300",
          "lineHeight": 30,
          "maxWidth": "60%",
          "textAlign": "center",
        },
        Object {
          "alignItems": "center",
          "flexDirection": "row",
          "justifyContent": "center",
          "marginVertical": 12,
          "textAlign": "center",
        },
      ]
    }
  >
    Everyone in
    <View
      activeOpacity={0.7}
      onMouseEnter={[Function]}
      onMouseLeave={[Function]}
      onPress={[MockFunction]}
      onPressIn={[Function]}
      onPressOut={[Function]}
      onResponderGrant={[Function]}
      onResponderRelease={[Function]}
      style={
        Array [
          Object {
            "alignItems": "center",
            "justifyContent": "center",
          },
          Object {
            "marginHorizontal": 10,
          },
        ]
      }
    >
      <Text
        style={
          Array [
            Object {
              "color": "#000000",
              "fontSize": 18,
              "textDecorationLine": "underline",
            },
            Array [
              false,
              Object {
                "color": "#B446BF",
              },
            ],
          ]
        }
      >
        OpenCollectives
      </Text>
    </View>
  </Text>
</View>
`;
