// Jest Snapshot v1, https://goo.gl/fbAQLP

exports[`Interaction should simulate onClick 1`] = `
<View
  style={
    Object {
      "alignItems": "center",
      "flex": 1,
      "justifyContent": "center",
    }
  }
>
  <View
    style={
      Array [
        Object {
          "alignItems": "center",
          "alignSelf": "stretch",
          "backgroundColor": "#FFFFFF",
          "flexBasis": 0,
          "flexDirection": "column",
          "flexGrow": 1,
          "flexShrink": 1,
          "justifyContent": "center",
        },
      ]
    }
  >
    <Text
      style={
        Array [
          Object {
            "color": "#000000",
          },
        ]
      }
    >
      CodeOfConduct
    </Text>
  </View>
</View>
`;

exports[`Rendering renders without crashing 1`] = `
<View
  style={
    Object {
      "alignItems": "center",
      "flex": 1,
      "justifyContent": "center",
    }
  }
>
  <View
    style={
      Array [
        Object {
          "alignItems": "center",
          "alignSelf": "stretch",
          "backgroundColor": "#FFFFFF",
          "flexBasis": 0,
          "flexDirection": "column",
          "flexGrow": 1,
          "flexShrink": 1,
          "justifyContent": "center",
        },
      ]
    }
  >
    <Text
      style={
        Array [
          Object {
            "color": "#000000",
          },
        ]
      }
    >
      CodeOfConduct
    </Text>
  </View>
</View>
`;
