// Jest Snapshot v1, https://goo.gl/fbAQLP

exports[`Interaction should simulate onClick 1`] = `
<View
  style={
    Array [
      Object {
        "alignItems": "center",
        "alignSelf": "stretch",
        "backgroundColor": "#EAEBF4",
        "flexDirection": "column",
        "justifyContent": "center",
        "paddingBottom": 80,
        "paddingLeft": 0,
        "paddingRight": 0,
        "paddingTop": 80,
      },
    ]
  }
>
  <Text
    style={
      Array [
        Object {
          "color": "#000000",
          "fontFamily": "avenir",
          "fontSize": 24,
          "fontWeight": "800",
          "maxWidth": "60%",
          "textAlign": "center",
        },
        Object {
          "color": "#393D7A",
        },
      ]
    }
  >
    Community
  </Text>
  <Text
    style={
      Array [
        Object {
          "color": "#000000",
          "fontFamily": "avenir",
          "fontSize": 18,
          "fontWeight": "300",
          "lineHeight": 30,
          "maxWidth": "60%",
          "textAlign": "center",
        },
        Object {
          "marginTop": 36,
        },
      ]
    }
  >
    Here are communities we are driving to collaborate with great people outside the company.
  </Text>
  <View
    style={
      Array [
        Object {
          "flexDirection": "row",
          "flexWrap": "wrap",
          "justifyContent": "space-around",
          "paddingBottom": 36,
          "paddingLeft": 80,
          "paddingRight": 80,
          "paddingTop": 36,
        },
      ]
    }
  >
    <View
      style={
        Array [
          Object {
            "alignItems": "center",
            "flexDirection": "column",
            "flexWrap": "wrap",
            "justifyContent": "center",
            "paddingBottom": 0,
            "paddingLeft": 12,
            "paddingRight": 12,
            "paddingTop": 0,
          },
        ]
      }
    >
      <View
        accessibilityIgnoresInvertColors={true}
        style={
          Array [
            Object {
              "alignItems": "center",
              "flexDirection": "column",
              "height": 280,
              "justifyContent": "center",
              "width": 280,
            },
          ]
        }
      >
        <Image
          resizeMode="contain"
          source={
            Object {
              "canInstrument": true,
              "createTransformer": [Function],
              "getCacheKey": [Function],
              "process": [Function],
            }
          }
          style={
            Array [
              Object {
                "bottom": 0,
                "left": 0,
                "position": "absolute",
                "right": 0,
                "top": 0,
              },
              Object {
                "height": undefined,
                "width": undefined,
              },
              undefined,
            ]
          }
        />
        <View
          activeOpacity={0.7}
          delayPressIn={50}
          onPress={[MockFunction]}
          style={
            Object {
              "alignSelf": "center",
              "bottom": 40,
              "position": "absolute",
            }
          }
        >
          <View
            onLayout={[Function]}
            style={
              Array [
                Object {
                  "alignItems": "center",
                  "alignSelf": "stretch",
                  "borderRadius": 6,
                  "flexDirection": "row",
                  "justifyContent": "center",
                  "paddingLeft": 16,
                  "paddingRight": 16,
                },
                Object {
                  "borderColor": "#00BA90",
                  "borderRadius": 12,
                  "borderWidth": 2,
                  "height": 24,
                  "paddingHorizontal": 20,
                },
                false,
                undefined,
              ]
            }
          >
            <Text
              style={
                Array [
                  Object {
                    "color": "#069ccd",
                    "fontSize": 14,
                    "paddingVertical": 12,
                  },
                  Object {
                    "color": "#00BA90",
                    "fontFamily": "avenir",
                    "fontSize": 10,
                  },
                  undefined,
                ]
              }
            >
              View more
            </Text>
          </View>
        </View>
      </View>
    </View>
    <View
      style={
        Array [
          Object {
            "alignItems": "center",
            "flexDirection": "column",
            "flexWrap": "wrap",
            "justifyContent": "center",
            "paddingBottom": 0,
            "paddingLeft": 12,
            "paddingRight": 12,
            "paddingTop": 0,
          },
        ]
      }
    >
      <View
        accessibilityIgnoresInvertColors={true}
        style={
          Array [
            Object {
              "alignItems": "center",
              "flexDirection": "column",
              "height": 280,
              "justifyContent": "center",
              "width": 280,
            },
          ]
        }
      >
        <Image
          resizeMode="contain"
          source={
            Object {
              "canInstrument": true,
              "createTransformer": [Function],
              "getCacheKey": [Function],
              "process": [Function],
            }
          }
          style={
            Array [
              Object {
                "bottom": 0,
                "left": 0,
                "position": "absolute",
                "right": 0,
                "top": 0,
              },
              Object {
                "height": undefined,
                "width": undefined,
              },
              undefined,
            ]
          }
        />
        <View
          activeOpacity={0.7}
          delayPressIn={50}
          onPress={[MockFunction]}
          style={
            Object {
              "alignSelf": "center",
              "bottom": 40,
              "position": "absolute",
            }
          }
        >
          <View
            onLayout={[Function]}
            style={
              Array [
                Object {
                  "alignItems": "center",
                  "alignSelf": "stretch",
                  "borderRadius": 6,
                  "flexDirection": "row",
                  "justifyContent": "center",
                  "paddingLeft": 16,
                  "paddingRight": 16,
                },
                Object {
                  "borderColor": "#00BA90",
                  "borderRadius": 12,
                  "borderWidth": 2,
                  "height": 24,
                  "paddingHorizontal": 20,
                },
                false,
                undefined,
              ]
            }
          >
            <Text
              style={
                Array [
                  Object {
                    "color": "#069ccd",
                    "fontSize": 14,
                    "paddingVertical": 12,
                  },
                  Object {
                    "color": "#00BA90",
                    "fontFamily": "avenir",
                    "fontSize": 10,
                  },
                  undefined,
                ]
              }
            >
              View more
            </Text>
          </View>
        </View>
      </View>
    </View>
  </View>
</View>
`;

exports[`Rendering renders without crashing 1`] = `
<View
  style={
    Array [
      Object {
        "alignItems": "center",
        "alignSelf": "stretch",
        "backgroundColor": "#EAEBF4",
        "flexDirection": "column",
        "justifyContent": "center",
        "paddingBottom": 80,
        "paddingLeft": 0,
        "paddingRight": 0,
        "paddingTop": 80,
      },
    ]
  }
>
  <Text
    style={
      Array [
        Object {
          "color": "#000000",
          "fontFamily": "avenir",
          "fontSize": 24,
          "fontWeight": "800",
          "maxWidth": "60%",
          "textAlign": "center",
        },
        Object {
          "color": "#393D7A",
        },
      ]
    }
  >
    Community
  </Text>
  <Text
    style={
      Array [
        Object {
          "color": "#000000",
          "fontFamily": "avenir",
          "fontSize": 18,
          "fontWeight": "300",
          "lineHeight": 30,
          "maxWidth": "60%",
          "textAlign": "center",
        },
        Object {
          "marginTop": 36,
        },
      ]
    }
  >
    Here are communities we are driving to collaborate with great people outside the company.
  </Text>
  <View
    style={
      Array [
        Object {
          "flexDirection": "row",
          "flexWrap": "wrap",
          "justifyContent": "space-around",
          "paddingBottom": 36,
          "paddingLeft": 80,
          "paddingRight": 80,
          "paddingTop": 36,
        },
      ]
    }
  >
    <View
      style={
        Array [
          Object {
            "alignItems": "center",
            "flexDirection": "column",
            "flexWrap": "wrap",
            "justifyContent": "center",
            "paddingBottom": 0,
            "paddingLeft": 12,
            "paddingRight": 12,
            "paddingTop": 0,
          },
        ]
      }
    >
      <View
        accessibilityIgnoresInvertColors={true}
        style={
          Array [
            Object {
              "alignItems": "center",
              "flexDirection": "column",
              "height": 280,
              "justifyContent": "center",
              "width": 280,
            },
          ]
        }
      >
        <Image
          resizeMode="contain"
          source={
            Object {
              "canInstrument": true,
              "createTransformer": [Function],
              "getCacheKey": [Function],
              "process": [Function],
            }
          }
          style={
            Array [
              Object {
                "bottom": 0,
                "left": 0,
                "position": "absolute",
                "right": 0,
                "top": 0,
              },
              Object {
                "height": undefined,
                "width": undefined,
              },
              undefined,
            ]
          }
        />
        <View
          activeOpacity={0.7}
          delayPressIn={50}
          onPress={[MockFunction]}
          style={
            Object {
              "alignSelf": "center",
              "bottom": 40,
              "position": "absolute",
            }
          }
        >
          <View
            onLayout={[Function]}
            style={
              Array [
                Object {
                  "alignItems": "center",
                  "alignSelf": "stretch",
                  "borderRadius": 6,
                  "flexDirection": "row",
                  "justifyContent": "center",
                  "paddingLeft": 16,
                  "paddingRight": 16,
                },
                Object {
                  "borderColor": "#00BA90",
                  "borderRadius": 12,
                  "borderWidth": 2,
                  "height": 24,
                  "paddingHorizontal": 20,
                },
                false,
                undefined,
              ]
            }
          >
            <Text
              style={
                Array [
                  Object {
                    "color": "#069ccd",
                    "fontSize": 14,
                    "paddingVertical": 12,
                  },
                  Object {
                    "color": "#00BA90",
                    "fontFamily": "avenir",
                    "fontSize": 10,
                  },
                  undefined,
                ]
              }
            >
              View more
            </Text>
          </View>
        </View>
      </View>
    </View>
    <View
      style={
        Array [
          Object {
            "alignItems": "center",
            "flexDirection": "column",
            "flexWrap": "wrap",
            "justifyContent": "center",
            "paddingBottom": 0,
            "paddingLeft": 12,
            "paddingRight": 12,
            "paddingTop": 0,
          },
        ]
      }
    >
      <View
        accessibilityIgnoresInvertColors={true}
        style={
          Array [
            Object {
              "alignItems": "center",
              "flexDirection": "column",
              "height": 280,
              "justifyContent": "center",
              "width": 280,
            },
          ]
        }
      >
        <Image
          resizeMode="contain"
          source={
            Object {
              "canInstrument": true,
              "createTransformer": [Function],
              "getCacheKey": [Function],
              "process": [Function],
            }
          }
          style={
            Array [
              Object {
                "bottom": 0,
                "left": 0,
                "position": "absolute",
                "right": 0,
                "top": 0,
              },
              Object {
                "height": undefined,
                "width": undefined,
              },
              undefined,
            ]
          }
        />
        <View
          activeOpacity={0.7}
          delayPressIn={50}
          onPress={[MockFunction]}
          style={
            Object {
              "alignSelf": "center",
              "bottom": 40,
              "position": "absolute",
            }
          }
        >
          <View
            onLayout={[Function]}
            style={
              Array [
                Object {
                  "alignItems": "center",
                  "alignSelf": "stretch",
                  "borderRadius": 6,
                  "flexDirection": "row",
                  "justifyContent": "center",
                  "paddingLeft": 16,
                  "paddingRight": 16,
                },
                Object {
                  "borderColor": "#00BA90",
                  "borderRadius": 12,
                  "borderWidth": 2,
                  "height": 24,
                  "paddingHorizontal": 20,
                },
                false,
                undefined,
              ]
            }
          >
            <Text
              style={
                Array [
                  Object {
                    "color": "#069ccd",
                    "fontSize": 14,
                    "paddingVertical": 12,
                  },
                  Object {
                    "color": "#00BA90",
                    "fontFamily": "avenir",
                    "fontSize": 10,
                  },
                  undefined,
                ]
              }
            >
              View more
            </Text>
          </View>
        </View>
      </View>
    </View>
  </View>
</View>
`;
