// Jest Snapshot v1, https://goo.gl/fbAQLP

exports[`Interaction should simulate onClick 1`] = `
<View
  style={
    Array [
      Object {
        "alignItems": "center",
        "alignSelf": "stretch",
        "flexBasis": 0,
        "flexDirection": "row",
        "flexGrow": 1,
        "flexShrink": 1,
        "justifyContent": "flex-start",
      },
    ]
  }
>
  <View
    activeOpacity={0.7}
    delayPressIn={100}
    onPress={[MockFunction]}
    style={
      Array [
        Object {},
        Object {
          "marginTop": 2,
        },
      ]
    }
  >
    <View
      style={
        Array [
          Object {
            "alignItems": "center",
            "borderWidth": 1,
            "height": 16,
            "justifyContent": "center",
            "width": 16,
          },
          Object {
            "borderColor": "#000000",
            "marginRight": 8,
          },
        ]
      }
    >
      <View
        style={
          Array [
            Object {
              "alignSelf": "center",
              "height": 9,
              "width": 9,
            },
            Object {
              "backgroundColor": "transparent",
            },
          ]
        }
      />
    </View>
  </View>
  <Text
    style={
      Array [
        Object {
          "fontSize": 14,
        },
        Object {
          "color": "#000000",
        },
      ]
    }
  >
    
  </Text>
</View>
`;

exports[`Rendering renders without crashing 1`] = `
<View
  style={
    Array [
      Object {
        "alignItems": "center",
        "alignSelf": "stretch",
        "flexBasis": 0,
        "flexDirection": "row",
        "flexGrow": 1,
        "flexShrink": 1,
        "justifyContent": "flex-start",
      },
    ]
  }
>
  <View
    activeOpacity={0.7}
    delayPressIn={100}
    onPress={[MockFunction]}
    style={
      Array [
        Object {},
        Object {
          "marginTop": 2,
        },
      ]
    }
  >
    <View
      style={
        Array [
          Object {
            "alignItems": "center",
            "borderWidth": 1,
            "height": 16,
            "justifyContent": "center",
            "width": 16,
          },
          Object {
            "borderColor": "#000000",
            "marginRight": 8,
          },
        ]
      }
    >
      <View
        style={
          Array [
            Object {
              "alignSelf": "center",
              "height": 9,
              "width": 9,
            },
            Object {
              "backgroundColor": "transparent",
            },
          ]
        }
      />
    </View>
  </View>
  <Text
    style={
      Array [
        Object {
          "fontSize": 14,
        },
        Object {
          "color": "#000000",
        },
      ]
    }
  >
    
  </Text>
</View>
`;
