// Jest Snapshot v1, https://goo.gl/fbAQLP

exports[`Rendering component and snapshot matches 1`] = `
<View>
  <View
    accessibilityRole="button"
    accessibilityState={Object {}}
    onPress={[MockFunction]}
    testID="BUTTON"
  >
    <View
      style={
        Array [
          Object {},
        ]
      }
    >
      <Text
        style={
          Array [
            Object {
              "color": "#007AFF",
              "fontSize": 18,
              "margin": 8,
              "textAlign": "center",
            },
          ]
        }
      >
        Button
      </Text>
    </View>
  </View>
</View>
`;
